// Jest Snapshot v1, https://goo.gl/fbAQLP

exports[`renders correctly 1`] = `
<View
  accessibilityState={
    {
      "busy": undefined,
      "checked": undefined,
      "disabled": undefined,
      "expanded": undefined,
      "selected": undefined,
    }
  }
  accessibilityValue={
    {
      "max": undefined,
      "min": undefined,
      "now": undefined,
      "text": undefined,
    }
  }
  accessible={true}
  collapsable={false}
  focusable={true}
  onBlur={[Function]}
  onClick={[Function]}
  onFocus={[Function]}
  onResponderGrant={[Function]}
  onResponderMove={[Function]}
  onResponderRelease={[Function]}
  onResponderTerminate={[Function]}
  onResponderTerminationRequest={[Function]}
  onStartShouldSetResponder={[Function]}
>
  <View
    style={
      [
        {
          "backgroundColor": "#fff",
          "borderColor": "#000000",
          "shadowColor": "rgba(0, 0, 0, 0.5)",
        },
        {
          "borderRadius": 2,
          "borderWidth": 0.15,
          "elevation": 5,
          "marginTop": 20,
          "padding": 20,
          "shadowOffset": {
            "height": 5,
            "width": 0,
          },
        },
      ]
    }
  >
    <View
      style={
        {
          "alignItems": "center",
          "flexDirection": "row",
          "gap": 20,
          "justifyContent": "flex-start",
        }
      }
    >
      <View
        style={
          {
            "flexDirection": "column",
          }
        }
      >
        <Image
          source={1}
          style={
            {
              "height": 40,
              "objectFit": "contain",
              "width": 40,
            }
          }
        />
      </View>
      <View
        style={
          {
            "flexDirection": "column",
          }
        }
      >
        <Text
          style={
            [
              {
                "color": "#11181C",
              },
              {
                "fontFamily": "PoppinsRegular",
                "fontSize": 16,
                "lineHeight": 24,
                "textAlignVertical": "bottom",
              },
              undefined,
              undefined,
              undefined,
              undefined,
              undefined,
              {
                "fontSize": 14,
              },
            ]
          }
        >
          Innova
        </Text>
        <View
          style={
            {
              "alignItems": "baseline",
              "flexDirection": "row",
              "gap": 5,
              "justifyContent": "flex-start",
            }
          }
        >
          <View
            style={
              {
                "alignItems": "center",
                "flexDirection": "row",
                "gap": 2,
              }
            }
          >
            <Text />
            <Text
              style={
                [
                  {
                    "color": "#11181C",
                  },
                  {
                    "fontFamily": "PoppinsRegular",
                    "fontSize": 16,
                    "lineHeight": 24,
                    "textAlignVertical": "bottom",
                  },
                  undefined,
                  undefined,
                  undefined,
                  undefined,
                  undefined,
                  {
                    "color": "#8A8A8A",
                  },
                ]
              }
            >
              5
            </Text>
          </View>
          <View
            style={
              {
                "alignItems": "center",
                "flexDirection": "row",
                "gap": 2,
              }
            }
          >
            <Text />
            <Text
              style={
                [
                  {
                    "color": "#11181C",
                  },
                  {
                    "fontFamily": "PoppinsRegular",
                    "fontSize": 16,
                    "lineHeight": 24,
                    "textAlignVertical": "bottom",
                  },
                  undefined,
                  undefined,
                  undefined,
                  undefined,
                  undefined,
                  {
                    "color": "#8A8A8A",
                  },
                ]
              }
            >
              4
            </Text>
          </View>
        </View>
        <Text
          style={
            [
              {
                "color": "#11181C",
              },
              {
                "fontFamily": "PoppinsRegular",
                "fontSize": 16,
                "lineHeight": 24,
                "textAlignVertical": "bottom",
              },
              undefined,
              undefined,
              undefined,
              undefined,
              undefined,
              {
                "color": "#5CB85F",
              },
            ]
          }
        >
          RpÂ 500.000,00
        </Text>
      </View>
    </View>
  </View>
</View>
`;
