// Jest Snapshot v1, https://goo.gl/fbAQLP

exports[`renders correctly 1`] = `"RpÂ 1.000.000,00"`;
