// Jest Snapshot v1, https://goo.gl/fbAQLP

exports[`renders correctly 1`] = `
<Modal
  animationType="fade"
  hardwareAccelerated={false}
  transparent={true}
  visible={true}
>
  <View
    style={
      [
        {
          "backgroundColor": "#fff",
          "borderColor": "#000000",
          "shadowColor": "rgba(0, 0, 0, 0.5)",
        },
        {
          "alignItems": "center",
          "backgroundColor": "rgba(0, 0, 0, 0.7)",
          "flex": 1,
          "justifyContent": "center",
        },
      ]
    }
  >
    Snapshot test!
  </View>
</Modal>
`;
